
OpenSBI v1.8
   ____                    _____ ____ _____
  / __ \                  / ____|  _ \_   _|
 | |  | |_ __   ___ _ __ | (___ | |_) || |
 | |  | | '_ \ / _ \ '_ \ \___ \|  _ < | |
 | |__| | |_) |  __/ | | |____) | |_) || |_
  \____/| .__/ \___|_| |_|_____/|____/_____|
        | |
        |_|

Platform Name               : riscv-virtio,qemu
Platform Features           : medeleg
Platform HART Count         : 1
Platform HART Protection    : pmp
Platform IPI Device         : aclint-mswi
Platform Timer Device       : aclint-mtimer @ 10000000Hz
Platform Console Device     : uart8250
Platform HSM Device         : ---
Platform PMU Device         : ---
Platform Reboot Device      : syscon-reboot
Platform Shutdown Device    : syscon-poweroff
Platform Suspend Device     : ---
Platform CPPC Device        : ---
Firmware Base               : 0x80000000
Firmware Size               : 321 KB
Firmware RW Offset          : 0x40000
Firmware RW Size            : 65 KB
Firmware Heap Offset        : 0x47000
Firmware Heap Size          : 37 KB (total), 0 KB (reserved), 12 KB (used), 23 KB (free)
Firmware Scratch Size       : 4096 B (total), 1464 B (used), 2632 B (free)
Runtime SBI Version         : 3.0
Standard SBI Extensions     : ipi,pmu,srst,sse,hsm,rfnc,fwft,time,base,legacy,dbcn,dbtr
Experimental SBI Extensions : none

Domain0 Name                : root
Domain0 Boot HART           : 0
Domain0 HARTs               : 0*
Domain0 Region00            : 0x0000000080040000-0x000000008005ffff M: (F,R,W) S/U: ()
Domain0 Region01            : 0x0000000080000000-0x000000008003ffff M: (F,R,X) S/U: ()
Domain0 Region02            : 0x0000000000100000-0x0000000000100fff M: (I,R,W) S/U: (R,W)
Domain0 Region03            : 0x0000000010000000-0x0000000010000fff M: (I,R,W) S/U: (R,W)
Domain0 Region04            : 0x0000000002000000-0x000000000200ffff M: (I,R,W) S/U: ()
Domain0 Region05            : 0x000000000c400000-0x000000000c5fffff M: (I,R,W) S/U: (R,W)
Domain0 Region06            : 0x000000000c000000-0x000000000c3fffff M: (I,R,W) S/U: (R,W)
Domain0 Region07            : 0x0000000000000000-0xffffffffffffffff M: () S/U: (R,W,X)
Domain0 Next Address        : 0x0000000080200000
Domain0 Next Arg1           : 0x0000000087e00000
Domain0 Next Mode           : S-mode
Domain0 SysReset            : yes
Domain0 SysSuspend          : yes

Boot HART ID                : 0
Boot HART Domain            : root
Boot HART Priv Version      : v1.12
Boot HART Base ISA          : rv64imafdch
Boot HART ISA Extensions    : sstc,zicntr,zihpm,zicboz,zicbom,sdtrig,svadu
Boot HART PMP Count         : 16
Boot HART PMP Granularity   : 2 bits
Boot HART PMP Address Bits  : 54
Boot HART MHPM Info         : 16 (0x0007fff8)
Boot HART Debug Triggers    : 2 triggers
Boot HART MIDELEG           : 0x0000000000001666
Boot HART MEDELEG           : 0x0000000000f4b509
HTTP READY
PHASE ticks (10 MHz, 100 ns/tick); ns = ticks * 100
PHASE _start ticks=232065 ns=23206500 since_start=0 ns=0 delta=0 ns=0
PHASE stamp_a ticks=232534 ns=23253400 since_start=469 ns=46900 delta=469 ns=46900
PHASE stamp_b ticks=232589 ns=23258900 since_start=524 ns=52400 delta=55 ns=5500
PHASE stvec ticks=235129 ns=23512900 since_start=3064 ns=306400 delta=2540 ns=254000
PHASE frame_init ticks=236588 ns=23658800 since_start=4523 ns=452300 delta=1459 ns=145900
PHASE task_init ticks=242421 ns=24242100 since_start=10356 ns=1035600 delta=5833 ns=583300
PHASE page_build ticks=246309 ns=24630900 since_start=14244 ns=1424400 delta=3888 ns=388800
PHASE page_verify ticks=253440 ns=25344000 since_start=21375 ns=2137500 delta=7131 ns=713100
PHASE activate ticks=254290 ns=25429000 since_start=22225 ns=2222500 delta=850 ns=85000
PHASE virtq_init ticks=262557 ns=26255700 since_start=30492 ns=3049200 delta=8267 ns=826700
PHASE DRIVER_OK ticks=267967 ns=26796700 since_start=35902 ns=3590200 delta=5410 ns=541000
PHASE first_rx ticks=271026 ns=27102600 since_start=38961 ns=3896100 delta=3059 ns=305900
PHASE syn_rx ticks=273772 ns=27377200 since_start=41707 ns=4170700 delta=2746 ns=274600
PHASE established ticks=306561 ns=30656100 since_start=74496 ns=7449600 delta=32789 ns=3278900
PHASE serving_ready ticks=310188 ns=31018800 since_start=78123 ns=7812300 delta=3627 ns=362700
PHASE net_init_done ticks=313122 ns=31312200 since_start=81057 ns=8105700 delta=2934 ns=293400
PHASE heap_init ticks=313344 ns=31334400 since_start=81279 ns=8127900 delta=222 ns=22200
PHASE accounting ticks=313606 ns=31360600 since_start=81541 ns=8154100 delta=262 ns=26200
PHASE freeze ticks=313683 ns=31368300 since_start=81618 ns=8161800 delta=77 ns=7700
PHASE sret ticks=313874 ns=31387400 since_start=81809 ns=8180900 delta=191 ns=19100
PHASE E3g ticks=326319 ns=32631900 since_start=94254 ns=9425400 delta=12445 ns=1244500
PHASE E3g_doorbell ticks=327103 ns=32710300 since_start=95038 ns=9503800 delta=784 ns=78400
M3 UNIKERNEL OK
HTTP DONE
